================================================================================
🤖 AI 加密货币短线交易信号监控 V4 — 硬性门槛制
   标的: BTC, ETH
   数据源: Binance 公开 API (15min + 1H K线)
   信号逻辑: 三道硬闸 — 1H趋势过滤 → 15min入场Setup → OI量价绑定
   邮件通知: 已配置
   日志文件: /home/runner/work/investment-tracker/investment-tracker/logs/monitor.log
================================================================================

════════════════════════════════════════════════════════════════════════════════
🔍 检测时间: 2026-10-03 16:09:23
════════════════════════════════════════════════════════════════════════════════

  📡 获取 BTC (BTCUSDT) 1H K线数据...
    ✓ 1000 根 1H K线 (数据源: Binance)
    ✓ 500 根 15min K线 (V4 入场 Setup)
    ⚠️ 15min OI 数据不可用，将跳过 OI 确认
    ✓ 期货数据: 资金费率 0.0045% (16:00)
    1H: 336 根, 4H: 84 根, 1D: 14 根
[2026-10-03 16:09:25] 🟢 BTC  | 做多 LONG      | V4 硬闸 | $84,836.48 | R:R 2.0:1 | 止损 0.31% | TP1 0.46% TP2 0.77% | 闸门: 多头排列 | 回调至 15min EMA50 (偏离 0.11%)
    📧 触发通知条件，发送邮件...
[邮件] ✅ 已发送 → 1660669970@qq.com
    ✅ 邮件已发送

  📡 获取 ETH (ETHUSDT) 1H K线数据...
    ✓ 1000 根 1H K线 (数据源: Binance)
    ✓ 500 根 15min K线 (V4 入场 Setup)
    ⚠️ 15min OI 数据不可用，将跳过 OI 确认
    ✓ 期货数据: 资金费率 0.0018% (16:00)
    1H: 336 根, 4H: 84 根, 1D: 14 根
[2026-10-03 16:09:31] 🟡 ETH  | 观望 WAIT      | V4 硬闸 | $2,679.92 | R:R 0.0:1 | 止损 0.00% | TP1 0.00% TP2 0.00% | 闸门: 1H 环境不满足: 均线纠缠 (EMA50/200 距 0.0%) | 
    🔇 WAIT 信号，不通知

  🌍 获取市场情绪数据...
    😱 恐惧贪婪指数: 67 — Greed
  ⚠️ BTC ETF: farside.co.uk 返回 HTTP 403
  ⚠️ ETH ETF: farside.co.uk 返回 HTTP 403
  📄 网站数据已保存: /home/runner/work/investment-tracker/investment-tracker/data/signals.json

────────────────────────────────────────────────────────────────────────────────
📊 V4 硬性门槛检测汇总:
  🟢 BTC: 做多 LONG | $84,836.48 | TP1 $85,227.28 → TP2 $85,487.81 | R:R 2.0:1 | 闸1: 多头排列 | 闸2: 回调至 15min EMA50 (偏离 0.11%) | 闸3: OI 数据不可用 (跳过)
  🟡 ETH: 观望 WAIT | V4: 1H 环境不满足: 均线纠缠 (EMA50/200 距 0.0%)
════════════════════════════════════════════════════════════════════════════════

💡 提示：
   python scripts/monitor_crypto.py --loop    持续监控模式
   python scripts/monitor_crypto.py --once    单次检测（默认）
